<?xml version="1.0"?>
<testsuites tests="10" name="Tap-Junit" failures="0" errors="0">
  <testsuite tests="10" failures="0" errors="0" name="FIXTURE ConsoleAcceptanceTests">
    <testcase name="#1 when_valid_http_get_request_sent_then_app_returns_response_body_and_200_ok"/>
    <testcase name="#2 when_valid_http_post_request_sent_then_app_returns_response_body_and_201_created"/>
    <testcase name="#3 when_valid_http_get_request_sent_then_app_returns_binary_response_body_and_200_ok"/>
    <testcase name="#4 when_valid_http_get_request_with_query_param_sent_then_app_passes_param_to_endpoint"/>
    <testcase name="#5 when_app_has_basic_auth_configured_and_request_received_with_correct_credentials_then_app_returns_200_ok"/>
    <testcase name="#6 when_app_has_basic_auth_configured_and_request_received_with_incorrect_credentials_then_app_returns_401_unauthorized"/>
    <testcase name="#7 when_app_has_basic_auth_configured_and_request_received_without_credentials_then_app_returns_401_unauthorized"/>
    <testcase name="#8 when_port_set_in_app_args_then_app_listens_on_given_port ( &quot;--port&quot; )"/>
    <testcase name="#9 when_port_set_in_app_args_then_app_listens_on_given_port ( &quot;-p&quot; )"/>
    <testcase name="#10 when_openapi_is_enabled_then_app_serves_swagger_ui"/>
  </testsuite>
</testsuites>